[sidoinikah.xyz/index.html]
[backblue.gif]
[fade.gif]
[index.html]
[sidoinikah.xyz/assets/base/img/favicon00e3.png]
[sidoinikah.xyz/assets/base/css/bootstrap.min.css]
[sidoinikah.xyz/assets/base/css/line-icons.css]
[sidoinikah.xyz/assets/base/css/froala_blocks.css]
[sidoinikah.xyz/cloudme.fonts.googleapis.com/css3c8c.css]
[sidoinikah.xyz/assets/base/img/logo50c9.png]
[sidoinikah.xyz/login.html]
[sidoinikah.xyz/tema.html]
[sidoinikah.xyz/assets/base/img/icons/gift.svg]
[sidoinikah.xyz/assets/base/img/icons/cloud.svg]
[sidoinikah.xyz/assets/base/img/icons/map-pin.svg]
[sidoinikah.xyz/assets/base/img/icons/layers.svg]
[sidoinikah.xyz/assets/base/img/icons/life-buoy.svg]
[sidoinikah.xyz/assets/base/img/icons/layout.svg]
[sidoinikah.xyz/assets/themes/hwflower/preview.png]
[sidoinikah.xyz/order/A002.html]
[sidoinikah.xyz/demo/hwflower.html]
[sidoinikah.xyz/assets/themes/tealflower/preview.png]
[sidoinikah.xyz/order/A003.html]
[sidoinikah.xyz/demo/tealflower.html]
[sidoinikah.xyz/assets/themes/greenflower/preview.png]
[sidoinikah.xyz/order/A004.html]
[sidoinikah.xyz/demo/greenflower.html]
[sidoinikah.xyz/assets/themes/prettyflower/preview.png]
[sidoinikah.xyz/order/A005.html]
[sidoinikah.xyz/demo/prettyflower.html]
[sidoinikah.xyz/assets/base/img/people/1.jpg]
[sidoinikah.xyz/assets/base/img/people/3.jpg]
[sidoinikah.xyz/assets/base/img/people/2.jpg]
[sidoinikah.xyz/assets/base/js/jquery-min.js]
[sidoinikah.xyz/assets/base/js/popper.min.js]
[sidoinikah.xyz/index.html]
[sidoinikah.xyz/assets/base/css/bootstrap.min.css]
[sidoinikah.xyz/assets/base/js/bootstrap.min.js]
[sidoinikah.xyz/assets/base/fonts/LineIcons0ad2.eot]
[sidoinikah.xyz/assets/base/fonts/LineIcons0ad2.ttf]
[sidoinikah.xyz/assets/base/fonts/LineIcons0ad2.woff]
[sidoinikah.xyz/assets/base/css/line-icons.css]
[sidoinikah.xyz/assets/base/css/froala_blocks.css]
[sidoinikah.xyz/assets/base/fonts/LineIcons0ad2.svg]
[sidoinikah.xyz/cloudme.fonts.gstatic.com/s/poppins/v15/pxiEyp8kv8JHgFVrJJfedw.ttf]
[sidoinikah.xyz/cloudme.fonts.gstatic.com/s/poppins/v15/pxiByp8kv8JHgFVrLEj6Z1xlEA.ttf]
[sidoinikah.xyz/cloudme.fonts.googleapis.com/css3c8c.css]
[sidoinikah.xyz/cloudme.fonts.gstatic.com/s/roboto/v27/KFOmCnqEu92Fr1Mu4mxP.ttf]
[sidoinikah.xyz/assets/base/img/favicon.png]
[sidoinikah.xyz/assets/dashboard/vendor/fontawesome-free/css/all.min.css]
[sidoinikah.xyz/assets/dashboard/vendor/bootstrap/css/bootstrap.css]
[sidoinikah.xyz/assets/dashboard/css/ruang-admin.css]
[sidoinikah.xyz/assets/dashboard/vendor/jquery/jquery.min.js]
[sidoinikah.xyz/assets/dashboard/vendor/bootstrap/js/bootstrap.bundle.min.js]
[sidoinikah.xyz/assets/dashboard/vendor/jquery-easing/jquery.easing.min.js]
[sidoinikah.xyz/login.html]
[sidoinikah.xyz/assets/dashboard/js/ruang-admin.min.js]
[sidoinikah.xyz/assets/themes/blueroses/preview.png]
[sidoinikah.xyz/order/A006.html]
[sidoinikah.xyz/demo/blueroses.html]
[sidoinikah.xyz/assets/themes/redroses/preview.png]
[sidoinikah.xyz/order/A007.html]
[sidoinikah.xyz/demo/redroses.html]
[sidoinikah.xyz/assets/themes/radiantyellow/preview.png]
[sidoinikah.xyz/order/A008.html]
[sidoinikah.xyz/demo/radiantyellow.html]
[sidoinikah.xyz/assets/themes/radiantdark/preview.png]
[sidoinikah.xyz/order/A009.html]
[sidoinikah.xyz/tema.html]
[sidoinikah.xyz/assets/base/img/icons/gift.svg]
[sidoinikah.xyz/assets/base/img/icons/cloud.svg]
[sidoinikah.xyz/assets/base/img/icons/map-pin.svg]
[sidoinikah.xyz/assets/base/img/icons/layers.svg]
[sidoinikah.xyz/assets/base/img/icons/life-buoy.svg]
[sidoinikah.xyz/assets/base/img/icons/layout.svg]
[sidoinikah.xyz/demo/radiantdark.html]
[sidoinikah.xyz/assets/base/css/pikaday.css]
[sidoinikah.xyz/assets/base/css/croppie.min.css]
[sidoinikah.xyz/assets/base/js/jquery.nav.js]
[sidoinikah.xyz/assets/base/js/jquery.easing.min.js]
[sidoinikah.xyz/assets/base/js/main.js]
[sidoinikah.xyz/assets/base/js/moment-with-locales.js]
[sidoinikah.xyz/assets/base/js/pikaday.js]
[sidoinikah.xyz/assets/base/js/dropzone.js]
[sidoinikah.xyz/assets/base/js/croppie.min.js]
[sidoinikah.xyz/images/ajax-loader.html]
[sidoinikah.xyz/order/1.html]
[sidoinikah.xyz/order/A002.html]
[sidoinikah.xyz/images/icon-cam.html]
[sidoinikah.xyz/assets/themes/hwflower/css/bootstrap.min.css]
[sidoinikah.xyz/assets/themes/hwflower/css/jquery.fancybox.css]
[sidoinikah.xyz/assets/themes/hwflower/mdi/css/materialdesignicons.min.css]
[sidoinikah.xyz/assets/themes/hwflower/css/style.css]
[sidoinikah.xyz/assets/base/img/logo2.png]
[sidoinikah.xyz/assets/themes/hwflower/img/top_flower.png]
[sidoinikah.xyz/assets/users/mIjh78y8ge13b89d99c1a29132e57d2ca/musik.mp3]
[sidoinikah.xyz/assets/users/mIjh78y8ge13b89d99c1a29132e57d2ca/kita.png]
[sidoinikah.xyz/assets/themes/hwflower/img/bg_flower.png]
[sidoinikah.xyz/assets/base/img/bismillah.png]
[sidoinikah.xyz/assets/users/mIjh78y8ge13b89d99c1a29132e57d2ca/groom.png]
[sidoinikah.xyz/assets/users/mIjh78y8ge13b89d99c1a29132e57d2ca/bride.png]
[sidoinikah.xyz/assets/users/mIjh78y8ge13b89d99c1a29132e57d2ca/album1.png]
[sidoinikah.xyz/assets/users/mIjh78y8ge13b89d99c1a29132e57d2ca/album2.png]
[sidoinikah.xyz/assets/users/mIjh78y8ge13b89d99c1a29132e57d2ca/album3.png]
[sidoinikah.xyz/assets/users/mIjh78y8ge13b89d99c1a29132e57d2ca/album4.png]
[sidoinikah.xyz/assets/users/mIjh78y8ge13b89d99c1a29132e57d2ca/album5.png]
[sidoinikah.xyz/assets/users/mIjh78y8ge13b89d99c1a29132e57d2ca/album6.png]
[sidoinikah.xyz/assets/users/mIjh78y8ge13b89d99c1a29132e57d2ca/album7.png]
[sidoinikah.xyz/assets/users/mIjh78y8ge13b89d99c1a29132e57d2ca/album8.png]
[sidoinikah.xyz/assets/users/mIjh78y8ge13b89d99c1a29132e57d2ca/album9.png]
[sidoinikah.xyz/assets/users/mIjh78y8ge13b89d99c1a29132e57d2ca/album10.png]
[img.youtube.com/vi/qtvIQ9D99LI/maxresdefault.jpg]
[sidoinikah.xyz/assets/base/img/loadinga.svg]
[sidoinikah.xyz/assets/themes/hwflower/img/bottom_flower.png]
[sidoinikah.xyz/assets/themes/hwflower/js/bootstrap.min.js]
[sidoinikah.xyz/assets/themes/hwflower/js/jquery.min.js]
[sidoinikah.xyz/assets/themes/hwflower/js/moment-with-locales.js]
[sidoinikah.xyz/assets/themes/hwflower/js/jquery-plugin-collection.js]
[sidoinikah.xyz/demo/hwflower.html]
[sidoinikah.xyz/order/A003.html]
[sidoinikah.xyz/assets/themes/hwflower/js/script.js]
[sidoinikah.xyz/assets/themes/tealflower/css/bootstrap.min.css]
[sidoinikah.xyz/assets/themes/tealflower/css/jquery.fancybox.css]
[sidoinikah.xyz/assets/themes/tealflower/mdi/css/materialdesignicons.min.css]
[sidoinikah.xyz/assets/themes/tealflower/css/style.css]
[sidoinikah.xyz/assets/themes/tealflower/img/kanan-atas.png]
[sidoinikah.xyz/assets/themes/tealflower/img/bg-flower.png]
[sidoinikah.xyz/assets/themes/tealflower/img/akad-badge.png]
[sidoinikah.xyz/assets/themes/tealflower/img/resepsi-badge.png]
[sidoinikah.xyz/assets/themes/tealflower/img/kiri-bawah.png]
[sidoinikah.xyz/assets/themes/tealflower/js/moment-with-locales.js]
[sidoinikah.xyz/assets/themes/tealflower/js/bootstrap.min.js]
[sidoinikah.xyz/assets/themes/tealflower/js/jquery.min.js]
[sidoinikah.xyz/assets/themes/tealflower/js/jquery-plugin-collection.js]
[sidoinikah.xyz/demo/tealflower.html]
[sidoinikah.xyz/order/A004.html]
[sidoinikah.xyz/assets/themes/tealflower/js/script.js]
[sidoinikah.xyz/assets/themes/greenflower/css/bootstrap.min.css]
[sidoinikah.xyz/assets/themes/greenflower/css/jquery.fancybox.css]
[sidoinikah.xyz/assets/themes/greenflower/mdi/css/materialdesignicons.min.css]
[sidoinikah.xyz/assets/themes/greenflower/css/style.css]
[sidoinikah.xyz/assets/themes/greenflower/img/kanan-atas.png]
[sidoinikah.xyz/assets/themes/greenflower/img/bg-flower.png]
[sidoinikah.xyz/assets/themes/greenflower/img/kiri-bawah.png]
[sidoinikah.xyz/assets/themes/greenflower/js/moment-with-locales.js]
[sidoinikah.xyz/assets/themes/greenflower/js/bootstrap.min.js]
[sidoinikah.xyz/assets/themes/greenflower/js/jquery.min.js]
[sidoinikah.xyz/assets/themes/greenflower/js/jquery-plugin-collection.js]
[sidoinikah.xyz/demo/greenflower.html]
[sidoinikah.xyz/order/A005.html]
[sidoinikah.xyz/assets/themes/greenflower/js/script.js]
[sidoinikah.xyz/assets/themes/prettyflower/css/bootstrap.min.css]
[sidoinikah.xyz/assets/themes/prettyflower/css/jquery.fancybox.css]
[sidoinikah.xyz/assets/themes/prettyflower/mdi/css/materialdesignicons.min.css]
[sidoinikah.xyz/assets/themes/prettyflower/css/style.css]
[sidoinikah.xyz/assets/themes/prettyflower/img/kanan-atas.png]
[sidoinikah.xyz/assets/themes/prettyflower/img/bg-flower.png]
[sidoinikah.xyz/assets/themes/prettyflower/img/kiri-bawah.png]
[sidoinikah.xyz/assets/themes/prettyflower/js/moment-with-locales.js]
[sidoinikah.xyz/assets/themes/prettyflower/js/bootstrap.min.js]
[sidoinikah.xyz/assets/themes/prettyflower/js/jquery.min.js]
[sidoinikah.xyz/assets/themes/prettyflower/js/jquery-plugin-collection.js]
[sidoinikah.xyz/demo/prettyflower.html]
[sidoinikah.xyz/assets/base/fonts/LineIcons0ad2.svg]
[sidoinikah.xyz/assets/themes/prettyflower/js/script.js]
[sidoinikah.xyz/assets/dashboard/vendor/fontawesome-free/webfonts/fa-brands-400.eot]
[sidoinikah.xyz/assets/dashboard/vendor/fontawesome-free/webfonts/fa-brands-400d41d.eot]
[sidoinikah.xyz/assets/dashboard/vendor/fontawesome-free/webfonts/fa-brands-400.woff2]
[sidoinikah.xyz/assets/dashboard/vendor/fontawesome-free/webfonts/fa-brands-400.woff]
[sidoinikah.xyz/assets/dashboard/vendor/fontawesome-free/webfonts/fa-brands-400.ttf]
[sidoinikah.xyz/assets/dashboard/vendor/fontawesome-free/webfonts/fa-regular-400.eot]
[sidoinikah.xyz/assets/dashboard/vendor/fontawesome-free/webfonts/fa-regular-400d41d.eot]
[sidoinikah.xyz/assets/dashboard/vendor/fontawesome-free/webfonts/fa-brands-400.svg]
[sidoinikah.xyz/assets/dashboard/vendor/fontawesome-free/webfonts/fa-regular-400.woff2]
[sidoinikah.xyz/assets/dashboard/vendor/fontawesome-free/webfonts/fa-regular-400.woff]
[sidoinikah.xyz/assets/dashboard/vendor/fontawesome-free/webfonts/fa-regular-400.ttf]
[sidoinikah.xyz/assets/dashboard/vendor/fontawesome-free/webfonts/fa-regular-400.svg]
[sidoinikah.xyz/assets/dashboard/vendor/fontawesome-free/webfonts/fa-solid-900d41d.eot]
[sidoinikah.xyz/assets/dashboard/vendor/fontawesome-free/webfonts/fa-solid-900.eot]
[sidoinikah.xyz/assets/dashboard/vendor/fontawesome-free/webfonts/fa-solid-900.woff2]
[sidoinikah.xyz/assets/dashboard/vendor/fontawesome-free/webfonts/fa-solid-900.woff]
[sidoinikah.xyz/assets/dashboard/vendor/fontawesome-free/webfonts/fa-solid-900.ttf]
[sidoinikah.xyz/assets/dashboard/vendor/fontawesome-free/css/all.min.css]
[sidoinikah.xyz/assets/dashboard/vendor/bootstrap/css/bootstrap.css]
[sidoinikah.xyz/assets/dashboard/font/Nunito-Regular.ttf]
[sidoinikah.xyz/assets/dashboard/css/ruang-admin.css]
[sidoinikah.xyz/order/A006.html]
[sidoinikah.xyz/assets/base/img/blue.svg]
[sidoinikah.xyz/assets/dashboard/vendor/fontawesome-free/webfonts/fa-solid-900.svg]
[sidoinikah.xyz/assets/themes/blueroses/css/bootstrap.min.css]
[sidoinikah.xyz/assets/themes/blueroses/css/jquery.fancybox.css]
[sidoinikah.xyz/assets/themes/blueroses/mdi/css/materialdesignicons.min.css]
[sidoinikah.xyz/assets/themes/blueroses/css/style.css]
[sidoinikah.xyz/assets/themes/blueroses/img/kiri-atas.png]
[sidoinikah.xyz/assets/themes/blueroses/img/bg-flower.png]
[sidoinikah.xyz/assets/themes/blueroses/img/kanan-bawah.png]
[sidoinikah.xyz/assets/themes/blueroses/js/bootstrap.min.js]
[sidoinikah.xyz/assets/themes/blueroses/js/jquery.min.js]
[sidoinikah.xyz/assets/themes/blueroses/js/jquery-plugin-collection.js]
[sidoinikah.xyz/assets/themes/blueroses/js/moment-with-locales.js]
[sidoinikah.xyz/demo/blueroses.html]
[sidoinikah.xyz/order/A007.html]
[sidoinikah.xyz/assets/themes/blueroses/js/script.js]
[sidoinikah.xyz/assets/themes/redroses/css/bootstrap.min.css]
[sidoinikah.xyz/assets/themes/redroses/css/jquery.fancybox.css]
[sidoinikah.xyz/assets/themes/redroses/mdi/css/materialdesignicons.min.css]
[sidoinikah.xyz/assets/themes/redroses/css/style.css]
[sidoinikah.xyz/assets/themes/redroses/img/kiri-atas.png]
[sidoinikah.xyz/assets/themes/redroses/img/bg-flower.png]
[sidoinikah.xyz/assets/themes/redroses/img/kanan-bawah.png]
[sidoinikah.xyz/assets/themes/redroses/js/bootstrap.min.js]
[sidoinikah.xyz/assets/themes/redroses/js/jquery.min.js]
[sidoinikah.xyz/assets/themes/redroses/js/moment-with-locales.js]
[sidoinikah.xyz/assets/themes/redroses/js/jquery-plugin-collection.js]
[sidoinikah.xyz/demo/redroses.html]
[sidoinikah.xyz/order/A008.html]
[sidoinikah.xyz/assets/themes/redroses/js/script.js]
[sidoinikah.xyz/assets/themes/radiantyellow/css/bootstrap.min.css]
[sidoinikah.xyz/assets/themes/radiantyellow/css/jquery.fancybox.css]
[sidoinikah.xyz/assets/themes/radiantyellow/mdi/css/materialdesignicons.min.css]
[sidoinikah.xyz/assets/themes/radiantyellow/css/style.css]
[sidoinikah.xyz/assets/themes/radiantyellow/img/top_flower.png]
[sidoinikah.xyz/assets/themes/radiantyellow/img/bg_flower.png]
[sidoinikah.xyz/assets/themes/radiantyellow/img/bottom_flower.png]
[sidoinikah.xyz/assets/themes/radiantyellow/js/bootstrap.min.js]
[sidoinikah.xyz/assets/themes/radiantyellow/js/moment-with-locales.js]
[sidoinikah.xyz/assets/themes/radiantyellow/js/jquery.min.js]
[sidoinikah.xyz/assets/themes/radiantyellow/js/jquery-plugin-collection.js]
[sidoinikah.xyz/demo/radiantyellow.html]
[sidoinikah.xyz/order/A009.html]
[sidoinikah.xyz/assets/themes/radiantyellow/js/script.js]
[sidoinikah.xyz/assets/themes/radiantdark/css/bootstrap.min.css]
[sidoinikah.xyz/assets/themes/radiantdark/css/jquery.fancybox.css]
[sidoinikah.xyz/assets/themes/radiantdark/mdi/css/materialdesignicons.min.css]
[sidoinikah.xyz/assets/themes/radiantdark/css/style.css]
[sidoinikah.xyz/assets/themes/radiantdark/img/top_flower.png]
[sidoinikah.xyz/assets/themes/radiantdark/img/bg_flower.png]
[sidoinikah.xyz/assets/themes/radiantdark/img/bottom_flower.png]
[sidoinikah.xyz/assets/themes/radiantdark/js/bootstrap.min.js]
[sidoinikah.xyz/assets/themes/radiantdark/js/jquery.min.js]
[sidoinikah.xyz/assets/themes/radiantdark/js/moment-with-locales.js]
[sidoinikah.xyz/assets/themes/radiantdark/js/jquery-plugin-collection.js]
[sidoinikah.xyz/demo/radiantdark.html]
[sidoinikah.xyz/assets/base/css/pikaday.css]
[sidoinikah.xyz/assets/base/css/croppie.min.css]
[sidoinikah.xyz/images/ajax-loader.html]
[sidoinikah.xyz/order/1.html]
[sidoinikah.xyz/images/icon-cam.html]
[sidoinikah.xyz/assets/themes/radiantdark/js/script.js]
[sidoinikah.xyz/assets/themes/hwflower/fonts/glyphicons-halflings-regular.html]
[sidoinikah.xyz/assets/themes/hwflower/fonts/glyphicons-halflings-regulard41d.html]
[sidoinikah.xyz/assets/themes/hwflower/fonts/glyphicons-halflings-regular-2.html]
[sidoinikah.xyz/assets/themes/hwflower/fonts/glyphicons-halflings-regular-3.html]
[sidoinikah.xyz/assets/themes/hwflower/fonts/glyphicons-halflings-regular-4.html]
[sidoinikah.xyz/assets/themes/hwflower/css/bootstrap.min.css]
[sidoinikah.xyz/assets/themes/hwflower/fonts/glyphicons-halflings-regular-5.html]
[sidoinikah.xyz/assets/themes/hwflower/images/fancybox/fancybox_sprite.html]
[sidoinikah.xyz/assets/themes/hwflower/images/fancybox/fancybox_loading.html]
[sidoinikah.xyz/assets/themes/hwflower/images/fancybox/blank.html]
[sidoinikah.xyz/assets/themes/hwflower/images/fancybox/fancybox_overlay.html]
[sidoinikah.xyz/assets/themes/hwflower/images/fancybox/fancybox_sprite@2x.html]
[sidoinikah.xyz/assets/themes/hwflower/css/jquery.fancybox.css]
[sidoinikah.xyz/assets/themes/hwflower/images/fancybox/fancybox_loading@2x.html]
[sidoinikah.xyz/assets/themes/hwflower/mdi/fonts/materialdesignicons-webfont3683.eot]
[sidoinikah.xyz/assets/themes/hwflower/mdi/fonts/materialdesignicons-webfont3683.woff2]
[sidoinikah.xyz/assets/themes/hwflower/mdi/fonts/materialdesignicons-webfont3683.woff]
[sidoinikah.xyz/assets/themes/hwflower/mdi/fonts/materialdesignicons-webfontd41d.eot]
[sidoinikah.xyz/assets/themes/hwflower/mdi/fonts/materialdesignicons-webfont3683.ttf]
[sidoinikah.xyz/assets/themes/hwflower/mdi/css/materialdesignicons.min.css]
[sidoinikah.xyz/assets/themes/hwflower/fonts/GreatVibes.ttf]
[sidoinikah.xyz/assets/themes/hwflower/fonts/JustAnotherHand.ttf]
[sidoinikah.xyz/assets/themes/hwflower/css/style.css]
[sidoinikah.xyz/assets/base/img/loadinga.svg]
[sidoinikah.xyz/assets/themes/tealflower/fonts/glyphicons-halflings-regular.html]
[sidoinikah.xyz/assets/themes/hwflower/fonts/Poppins.ttf]
[sidoinikah.xyz/assets/themes/tealflower/fonts/glyphicons-halflings-regulard41d.html]
[sidoinikah.xyz/assets/themes/tealflower/fonts/glyphicons-halflings-regular-2.html]
[sidoinikah.xyz/assets/themes/tealflower/fonts/glyphicons-halflings-regular-3.html]
[sidoinikah.xyz/assets/themes/hwflower/mdi/fonts/materialdesignicons-webfont3683.svg]
[sidoinikah.xyz/assets/themes/tealflower/fonts/glyphicons-halflings-regular-4.html]
[sidoinikah.xyz/assets/themes/tealflower/css/bootstrap.min.css]
[sidoinikah.xyz/assets/themes/tealflower/fonts/glyphicons-halflings-regular-5.html]
[sidoinikah.xyz/assets/themes/tealflower/images/fancybox/fancybox_sprite.html]
[sidoinikah.xyz/assets/themes/tealflower/images/fancybox/fancybox_loading.html]
[sidoinikah.xyz/assets/themes/tealflower/images/fancybox/blank.html]
[sidoinikah.xyz/assets/themes/tealflower/images/fancybox/fancybox_overlay.html]
[sidoinikah.xyz/assets/themes/tealflower/images/fancybox/fancybox_sprite@2x.html]
[sidoinikah.xyz/assets/themes/tealflower/css/jquery.fancybox.css]
[sidoinikah.xyz/assets/themes/tealflower/images/fancybox/fancybox_loading@2x.html]
[sidoinikah.xyz/assets/themes/tealflower/mdi/fonts/materialdesignicons-webfont3683.woff2]
[sidoinikah.xyz/assets/themes/tealflower/mdi/fonts/materialdesignicons-webfont3683.woff]
[sidoinikah.xyz/assets/themes/tealflower/mdi/fonts/materialdesignicons-webfont3683.eot]
[sidoinikah.xyz/assets/themes/tealflower/mdi/fonts/materialdesignicons-webfontd41d.eot]
[sidoinikah.xyz/assets/themes/tealflower/mdi/css/materialdesignicons.min.css]
[sidoinikah.xyz/assets/themes/tealflower/mdi/fonts/materialdesignicons-webfont3683.ttf]
[sidoinikah.xyz/assets/themes/tealflower/fonts/JustAnotherHand.ttf]
[sidoinikah.xyz/assets/themes/tealflower/img/bg.png]
[sidoinikah.xyz/assets/themes/tealflower/css/style.css]
[sidoinikah.xyz/assets/themes/tealflower/fonts/GreatVibes.ttf]
[sidoinikah.xyz/assets/themes/tealflower/fonts/Poppins.ttf]
[sidoinikah.xyz/assets/themes/tealflower/mdi/fonts/materialdesignicons-webfont3683.svg]
[sidoinikah.xyz/assets/themes/greenflower/fonts/glyphicons-halflings-regular.html]
[sidoinikah.xyz/assets/themes/greenflower/fonts/glyphicons-halflings-regulard41d.html]
[sidoinikah.xyz/assets/themes/greenflower/fonts/glyphicons-halflings-regular-2.html]
[sidoinikah.xyz/assets/themes/greenflower/fonts/glyphicons-halflings-regular-3.html]
[sidoinikah.xyz/assets/themes/greenflower/fonts/glyphicons-halflings-regular-4.html]
[sidoinikah.xyz/assets/themes/greenflower/css/bootstrap.min.css]
[sidoinikah.xyz/assets/themes/greenflower/fonts/glyphicons-halflings-regular-5.html]
[sidoinikah.xyz/assets/themes/greenflower/images/fancybox/fancybox_sprite.html]
[sidoinikah.xyz/assets/themes/greenflower/images/fancybox/fancybox_loading.html]
[sidoinikah.xyz/assets/themes/greenflower/images/fancybox/blank.html]
[sidoinikah.xyz/assets/themes/greenflower/images/fancybox/fancybox_overlay.html]
[sidoinikah.xyz/assets/themes/greenflower/images/fancybox/fancybox_sprite@2x.html]
[sidoinikah.xyz/assets/themes/greenflower/css/jquery.fancybox.css]
[sidoinikah.xyz/assets/themes/greenflower/images/fancybox/fancybox_loading@2x.html]
[sidoinikah.xyz/assets/themes/greenflower/mdi/fonts/materialdesignicons-webfont3683.eot]
[sidoinikah.xyz/assets/themes/greenflower/mdi/fonts/materialdesignicons-webfont3683.woff2]
[sidoinikah.xyz/assets/themes/greenflower/mdi/fonts/materialdesignicons-webfont3683.woff]
[sidoinikah.xyz/assets/themes/greenflower/mdi/fonts/materialdesignicons-webfontd41d.eot]
[sidoinikah.xyz/assets/themes/greenflower/mdi/css/materialdesignicons.min.css]
[sidoinikah.xyz/assets/themes/greenflower/fonts/JustAnotherHand.ttf]
[sidoinikah.xyz/assets/themes/greenflower/fonts/GreatVibes.ttf]
[sidoinikah.xyz/assets/themes/greenflower/css/style.css]
[sidoinikah.xyz/assets/themes/greenflower/fonts/Poppins.ttf]
[sidoinikah.xyz/assets/themes/greenflower/mdi/fonts/materialdesignicons-webfont3683.ttf]
[sidoinikah.xyz/assets/themes/greenflower/mdi/fonts/materialdesignicons-webfont3683.svg]
[sidoinikah.xyz/assets/themes/prettyflower/fonts/glyphicons-halflings-regular.html]
[sidoinikah.xyz/assets/themes/prettyflower/fonts/glyphicons-halflings-regulard41d.html]
[sidoinikah.xyz/assets/themes/prettyflower/fonts/glyphicons-halflings-regular-2.html]
[sidoinikah.xyz/assets/themes/prettyflower/fonts/glyphicons-halflings-regular-3.html]
[sidoinikah.xyz/assets/themes/prettyflower/fonts/glyphicons-halflings-regular-4.html]
[sidoinikah.xyz/assets/themes/prettyflower/css/bootstrap.min.css]
[sidoinikah.xyz/assets/themes/prettyflower/fonts/glyphicons-halflings-regular-5.html]
[sidoinikah.xyz/assets/themes/prettyflower/images/fancybox/fancybox_sprite.html]
[sidoinikah.xyz/assets/themes/prettyflower/images/fancybox/fancybox_loading.html]
[sidoinikah.xyz/assets/themes/prettyflower/images/fancybox/blank.html]
[sidoinikah.xyz/assets/themes/prettyflower/images/fancybox/fancybox_overlay.html]
[sidoinikah.xyz/assets/themes/prettyflower/images/fancybox/fancybox_sprite@2x.html]
[sidoinikah.xyz/assets/themes/prettyflower/css/jquery.fancybox.css]
[sidoinikah.xyz/assets/themes/prettyflower/images/fancybox/fancybox_loading@2x.html]
[sidoinikah.xyz/assets/themes/prettyflower/mdi/fonts/materialdesignicons-webfontd41d.eot]
[sidoinikah.xyz/assets/themes/prettyflower/mdi/fonts/materialdesignicons-webfont3683.woff2]
[sidoinikah.xyz/assets/themes/prettyflower/mdi/fonts/materialdesignicons-webfont3683.woff]
[sidoinikah.xyz/assets/themes/prettyflower/mdi/fonts/materialdesignicons-webfont3683.eot]
[sidoinikah.xyz/assets/themes/prettyflower/mdi/css/materialdesignicons.min.css]
[sidoinikah.xyz/assets/themes/prettyflower/fonts/JustAnotherHand.ttf]
[sidoinikah.xyz/assets/themes/prettyflower/mdi/fonts/materialdesignicons-webfont3683.ttf]
[sidoinikah.xyz/assets/themes/prettyflower/css/style.css]
[sidoinikah.xyz/assets/dashboard/vendor/fontawesome-free/webfonts/fa-brands-400.svg]
[sidoinikah.xyz/assets/dashboard/vendor/fontawesome-free/webfonts/fa-regular-400.svg]
[sidoinikah.xyz/assets/themes/prettyflower/fonts/GreatVibes.ttf]
[sidoinikah.xyz/assets/dashboard/vendor/fontawesome-free/webfonts/fa-solid-900.svg]
[sidoinikah.xyz/assets/base/img/blue.svg]
[sidoinikah.xyz/assets/themes/prettyflower/fonts/Poppins.ttf]
[sidoinikah.xyz/assets/themes/prettyflower/mdi/fonts/materialdesignicons-webfont3683.svg]
[sidoinikah.xyz/assets/themes/blueroses/fonts/glyphicons-halflings-regular.html]
[sidoinikah.xyz/assets/themes/blueroses/fonts/glyphicons-halflings-regulard41d.html]
[sidoinikah.xyz/assets/themes/blueroses/fonts/glyphicons-halflings-regular-2.html]
[sidoinikah.xyz/assets/themes/blueroses/fonts/glyphicons-halflings-regular-3.html]
[sidoinikah.xyz/assets/themes/blueroses/fonts/glyphicons-halflings-regular-4.html]
[sidoinikah.xyz/assets/themes/blueroses/css/bootstrap.min.css]
[sidoinikah.xyz/assets/themes/blueroses/fonts/glyphicons-halflings-regular-5.html]
[sidoinikah.xyz/assets/themes/blueroses/images/fancybox/fancybox_sprite.html]
[sidoinikah.xyz/assets/themes/blueroses/images/fancybox/fancybox_loading.html]
[sidoinikah.xyz/assets/themes/blueroses/images/fancybox/blank.html]
[sidoinikah.xyz/assets/themes/blueroses/images/fancybox/fancybox_overlay.html]
[sidoinikah.xyz/assets/themes/blueroses/images/fancybox/fancybox_sprite@2x.html]
[sidoinikah.xyz/assets/themes/blueroses/css/jquery.fancybox.css]
[sidoinikah.xyz/assets/themes/blueroses/images/fancybox/fancybox_loading@2x.html]
[sidoinikah.xyz/assets/themes/blueroses/mdi/fonts/materialdesignicons-webfont3683.eot]
[sidoinikah.xyz/assets/themes/blueroses/mdi/fonts/materialdesignicons-webfont3683.woff2]
[sidoinikah.xyz/assets/themes/blueroses/mdi/fonts/materialdesignicons-webfont3683.woff]
[sidoinikah.xyz/assets/themes/blueroses/mdi/fonts/materialdesignicons-webfontd41d.eot]
[sidoinikah.xyz/assets/themes/blueroses/mdi/fonts/materialdesignicons-webfont3683.ttf]
[sidoinikah.xyz/assets/themes/blueroses/mdi/css/materialdesignicons.min.css]
[sidoinikah.xyz/assets/themes/blueroses/css/style.css]
[sidoinikah.xyz/assets/themes/blueroses/fonts/GreatVibes.ttf]
[sidoinikah.xyz/assets/themes/blueroses/fonts/Poppins.ttf]
[sidoinikah.xyz/assets/themes/blueroses/fonts/JustAnotherHand.ttf]
[sidoinikah.xyz/assets/themes/blueroses/mdi/fonts/materialdesignicons-webfont3683.svg]
[sidoinikah.xyz/assets/themes/redroses/fonts/glyphicons-halflings-regular.html]
[sidoinikah.xyz/assets/themes/redroses/fonts/glyphicons-halflings-regulard41d.html]
[sidoinikah.xyz/assets/themes/redroses/fonts/glyphicons-halflings-regular-2.html]
[sidoinikah.xyz/assets/themes/redroses/fonts/glyphicons-halflings-regular-3.html]
[sidoinikah.xyz/assets/themes/redroses/fonts/glyphicons-halflings-regular-4.html]
[sidoinikah.xyz/assets/themes/redroses/css/bootstrap.min.css]
[sidoinikah.xyz/assets/themes/redroses/fonts/glyphicons-halflings-regular-5.html]
[sidoinikah.xyz/assets/themes/redroses/images/fancybox/fancybox_sprite.html]
[sidoinikah.xyz/assets/themes/redroses/images/fancybox/fancybox_loading.html]
[sidoinikah.xyz/assets/themes/redroses/images/fancybox/blank.html]
[sidoinikah.xyz/assets/themes/redroses/images/fancybox/fancybox_overlay.html]
[sidoinikah.xyz/assets/themes/redroses/images/fancybox/fancybox_sprite@2x.html]
[sidoinikah.xyz/assets/themes/redroses/css/jquery.fancybox.css]
[sidoinikah.xyz/assets/themes/redroses/images/fancybox/fancybox_loading@2x.html]
[sidoinikah.xyz/assets/themes/redroses/mdi/fonts/materialdesignicons-webfont3683.eot]
[sidoinikah.xyz/assets/themes/redroses/mdi/fonts/materialdesignicons-webfont3683.woff2]
[sidoinikah.xyz/assets/themes/redroses/mdi/fonts/materialdesignicons-webfont3683.woff]
[sidoinikah.xyz/assets/themes/redroses/mdi/fonts/materialdesignicons-webfontd41d.eot]
[sidoinikah.xyz/assets/themes/redroses/mdi/css/materialdesignicons.min.css]
[sidoinikah.xyz/assets/themes/redroses/mdi/fonts/materialdesignicons-webfont3683.ttf]
[sidoinikah.xyz/assets/themes/redroses/fonts/GreatVibes.ttf]
[sidoinikah.xyz/assets/themes/redroses/fonts/JustAnotherHand.ttf]
[sidoinikah.xyz/assets/themes/redroses/mdi/fonts/materialdesignicons-webfont3683.svg]
[sidoinikah.xyz/assets/themes/redroses/css/style.css]
[sidoinikah.xyz/assets/themes/redroses/fonts/Poppins.ttf]
[sidoinikah.xyz/assets/themes/radiantyellow/fonts/glyphicons-halflings-regular.html]
[sidoinikah.xyz/assets/themes/radiantyellow/fonts/glyphicons-halflings-regulard41d.html]
[sidoinikah.xyz/assets/themes/radiantyellow/fonts/glyphicons-halflings-regular-2.html]
[sidoinikah.xyz/assets/themes/radiantyellow/fonts/glyphicons-halflings-regular-3.html]
[sidoinikah.xyz/assets/themes/radiantyellow/fonts/glyphicons-halflings-regular-4.html]
[sidoinikah.xyz/assets/themes/radiantyellow/css/bootstrap.min.css]
[sidoinikah.xyz/assets/themes/radiantyellow/fonts/glyphicons-halflings-regular-5.html]
[sidoinikah.xyz/assets/themes/radiantyellow/images/fancybox/fancybox_sprite.html]
[sidoinikah.xyz/assets/themes/radiantyellow/images/fancybox/fancybox_loading.html]
[sidoinikah.xyz/assets/themes/radiantyellow/images/fancybox/blank.html]
[sidoinikah.xyz/assets/themes/radiantyellow/images/fancybox/fancybox_overlay.html]
[sidoinikah.xyz/assets/themes/radiantyellow/images/fancybox/fancybox_sprite@2x.html]
[sidoinikah.xyz/assets/themes/radiantyellow/css/jquery.fancybox.css]
[sidoinikah.xyz/assets/themes/radiantyellow/images/fancybox/fancybox_loading@2x.html]
[sidoinikah.xyz/assets/themes/radiantyellow/mdi/fonts/materialdesignicons-webfont3683.woff2]
[sidoinikah.xyz/assets/themes/radiantyellow/mdi/fonts/materialdesignicons-webfont3683.woff]
[sidoinikah.xyz/assets/themes/radiantyellow/mdi/fonts/materialdesignicons-webfontd41d.eot]
[sidoinikah.xyz/assets/themes/radiantyellow/mdi/fonts/materialdesignicons-webfont3683.eot]
[sidoinikah.xyz/assets/themes/radiantyellow/mdi/css/materialdesignicons.min.css]
[sidoinikah.xyz/assets/themes/radiantyellow/mdi/fonts/materialdesignicons-webfont3683.ttf]
[sidoinikah.xyz/assets/themes/radiantyellow/fonts/GreatVibes.ttf]
[sidoinikah.xyz/assets/themes/radiantyellow/css/style.css]
[sidoinikah.xyz/assets/themes/radiantyellow/fonts/JustAnotherHand.ttf]
[sidoinikah.xyz/assets/themes/radiantdark/fonts/glyphicons-halflings-regular.html]
[sidoinikah.xyz/assets/themes/radiantyellow/fonts/Poppins.ttf]
[sidoinikah.xyz/assets/themes/radiantyellow/mdi/fonts/materialdesignicons-webfont3683.svg]
[sidoinikah.xyz/assets/themes/radiantdark/fonts/glyphicons-halflings-regular-2.html]
[sidoinikah.xyz/assets/themes/radiantdark/fonts/glyphicons-halflings-regulard41d.html]
[sidoinikah.xyz/assets/themes/radiantdark/fonts/glyphicons-halflings-regular-3.html]
[sidoinikah.xyz/assets/themes/radiantdark/fonts/glyphicons-halflings-regular-4.html]
[sidoinikah.xyz/assets/themes/radiantdark/css/bootstrap.min.css]
[sidoinikah.xyz/assets/themes/radiantdark/fonts/glyphicons-halflings-regular-5.html]
[sidoinikah.xyz/assets/themes/radiantdark/images/fancybox/fancybox_sprite.html]
[sidoinikah.xyz/assets/themes/radiantdark/images/fancybox/fancybox_loading.html]
[sidoinikah.xyz/assets/themes/radiantdark/images/fancybox/blank.html]
[sidoinikah.xyz/assets/themes/radiantdark/images/fancybox/fancybox_overlay.html]
[sidoinikah.xyz/assets/themes/radiantdark/images/fancybox/fancybox_sprite@2x.html]
[sidoinikah.xyz/assets/themes/radiantdark/css/jquery.fancybox.css]
[sidoinikah.xyz/assets/themes/radiantdark/images/fancybox/fancybox_loading@2x.html]
[sidoinikah.xyz/assets/themes/radiantdark/mdi/fonts/materialdesignicons-webfontd41d.eot]
[sidoinikah.xyz/assets/themes/radiantdark/mdi/fonts/materialdesignicons-webfont3683.woff2]
[sidoinikah.xyz/assets/themes/radiantdark/mdi/fonts/materialdesignicons-webfont3683.eot]
[sidoinikah.xyz/assets/themes/radiantdark/mdi/fonts/materialdesignicons-webfont3683.woff]
[sidoinikah.xyz/assets/themes/radiantdark/mdi/css/materialdesignicons.min.css]
[sidoinikah.xyz/assets/themes/radiantdark/mdi/fonts/materialdesignicons-webfont3683.ttf]
[sidoinikah.xyz/assets/themes/radiantdark/css/style.css]
[sidoinikah.xyz/assets/themes/radiantdark/fonts/GreatVibes.ttf]
[sidoinikah.xyz/assets/themes/hwflower/fonts/glyphicons-halflings-regular.html]
[sidoinikah.xyz/assets/themes/hwflower/fonts/glyphicons-halflings-regulard41d.html]
[sidoinikah.xyz/assets/themes/hwflower/fonts/glyphicons-halflings-regular-2.html]
[sidoinikah.xyz/assets/themes/hwflower/fonts/glyphicons-halflings-regular-3.html]
[sidoinikah.xyz/assets/themes/hwflower/fonts/glyphicons-halflings-regular-4.html]
[sidoinikah.xyz/assets/themes/hwflower/fonts/glyphicons-halflings-regular-5.html]
[sidoinikah.xyz/assets/themes/hwflower/images/fancybox/fancybox_sprite.html]
[sidoinikah.xyz/assets/themes/hwflower/images/fancybox/fancybox_loading.html]
[sidoinikah.xyz/assets/themes/hwflower/images/fancybox/blank.html]
[sidoinikah.xyz/assets/themes/hwflower/images/fancybox/fancybox_overlay.html]
[sidoinikah.xyz/assets/themes/hwflower/images/fancybox/fancybox_sprite@2x.html]
[sidoinikah.xyz/assets/themes/hwflower/images/fancybox/fancybox_loading@2x.html]
[sidoinikah.xyz/assets/themes/radiantdark/fonts/JustAnotherHand.ttf]
[sidoinikah.xyz/assets/themes/radiantdark/fonts/Poppins.ttf]
[sidoinikah.xyz/assets/themes/radiantdark/mdi/fonts/materialdesignicons-webfont3683.svg]
[sidoinikah.xyz/assets/themes/hwflower/mdi/fonts/materialdesignicons-webfont3683.svg]
[sidoinikah.xyz/assets/themes/tealflower/fonts/glyphicons-halflings-regular.html]
[sidoinikah.xyz/assets/themes/tealflower/fonts/glyphicons-halflings-regulard41d.html]
[sidoinikah.xyz/assets/themes/tealflower/fonts/glyphicons-halflings-regular-2.html]
[sidoinikah.xyz/assets/themes/tealflower/fonts/glyphicons-halflings-regular-3.html]
[sidoinikah.xyz/assets/themes/tealflower/fonts/glyphicons-halflings-regular-4.html]
[sidoinikah.xyz/assets/themes/tealflower/fonts/glyphicons-halflings-regular-5.html]
[sidoinikah.xyz/assets/themes/tealflower/images/fancybox/fancybox_sprite.html]
[sidoinikah.xyz/assets/themes/tealflower/images/fancybox/fancybox_loading.html]
[sidoinikah.xyz/assets/themes/tealflower/images/fancybox/blank.html]
[sidoinikah.xyz/assets/themes/tealflower/images/fancybox/fancybox_overlay.html]
[sidoinikah.xyz/assets/themes/tealflower/images/fancybox/fancybox_sprite@2x.html]
[sidoinikah.xyz/assets/themes/tealflower/images/fancybox/fancybox_loading@2x.html]
[sidoinikah.xyz/assets/themes/tealflower/mdi/fonts/materialdesignicons-webfont3683.svg]
[sidoinikah.xyz/assets/themes/greenflower/fonts/glyphicons-halflings-regular.html]
[sidoinikah.xyz/assets/themes/greenflower/fonts/glyphicons-halflings-regulard41d.html]
[sidoinikah.xyz/assets/themes/greenflower/fonts/glyphicons-halflings-regular-2.html]
[sidoinikah.xyz/assets/themes/greenflower/fonts/glyphicons-halflings-regular-3.html]
[sidoinikah.xyz/assets/themes/greenflower/fonts/glyphicons-halflings-regular-4.html]
[sidoinikah.xyz/assets/themes/greenflower/fonts/glyphicons-halflings-regular-5.html]
[sidoinikah.xyz/assets/themes/greenflower/images/fancybox/fancybox_sprite.html]
[sidoinikah.xyz/assets/themes/greenflower/images/fancybox/fancybox_loading.html]
[sidoinikah.xyz/assets/themes/greenflower/images/fancybox/blank.html]
[sidoinikah.xyz/assets/themes/greenflower/images/fancybox/fancybox_overlay.html]
[sidoinikah.xyz/assets/themes/greenflower/images/fancybox/fancybox_sprite@2x.html]
[sidoinikah.xyz/assets/themes/greenflower/images/fancybox/fancybox_loading@2x.html]
[sidoinikah.xyz/assets/themes/greenflower/mdi/fonts/materialdesignicons-webfont3683.svg]
[sidoinikah.xyz/assets/themes/prettyflower/fonts/glyphicons-halflings-regular.html]
[sidoinikah.xyz/assets/themes/prettyflower/fonts/glyphicons-halflings-regulard41d.html]
[sidoinikah.xyz/assets/themes/prettyflower/fonts/glyphicons-halflings-regular-2.html]
[sidoinikah.xyz/assets/themes/prettyflower/fonts/glyphicons-halflings-regular-3.html]
[sidoinikah.xyz/assets/themes/prettyflower/fonts/glyphicons-halflings-regular-4.html]
[sidoinikah.xyz/assets/themes/prettyflower/fonts/glyphicons-halflings-regular-5.html]
[sidoinikah.xyz/assets/themes/prettyflower/images/fancybox/fancybox_sprite.html]
[sidoinikah.xyz/assets/themes/prettyflower/images/fancybox/fancybox_loading.html]
[sidoinikah.xyz/assets/themes/prettyflower/images/fancybox/blank.html]
[sidoinikah.xyz/assets/themes/prettyflower/images/fancybox/fancybox_overlay.html]
[sidoinikah.xyz/assets/themes/prettyflower/images/fancybox/fancybox_sprite@2x.html]
[sidoinikah.xyz/assets/themes/prettyflower/images/fancybox/fancybox_loading@2x.html]
[sidoinikah.xyz/assets/themes/prettyflower/mdi/fonts/materialdesignicons-webfont3683.svg]
[sidoinikah.xyz/assets/themes/blueroses/fonts/glyphicons-halflings-regular.html]
[sidoinikah.xyz/assets/themes/blueroses/fonts/glyphicons-halflings-regulard41d.html]
[sidoinikah.xyz/assets/themes/blueroses/fonts/glyphicons-halflings-regular-2.html]
[sidoinikah.xyz/assets/themes/blueroses/fonts/glyphicons-halflings-regular-3.html]
[sidoinikah.xyz/assets/themes/blueroses/fonts/glyphicons-halflings-regular-4.html]
[sidoinikah.xyz/assets/themes/blueroses/fonts/glyphicons-halflings-regular-5.html]
[sidoinikah.xyz/assets/themes/blueroses/images/fancybox/fancybox_sprite.html]
[sidoinikah.xyz/assets/themes/blueroses/images/fancybox/fancybox_loading.html]
[sidoinikah.xyz/assets/themes/blueroses/images/fancybox/blank.html]
[sidoinikah.xyz/assets/themes/blueroses/images/fancybox/fancybox_overlay.html]
[sidoinikah.xyz/assets/themes/blueroses/images/fancybox/fancybox_sprite@2x.html]
[sidoinikah.xyz/assets/themes/blueroses/images/fancybox/fancybox_loading@2x.html]
[sidoinikah.xyz/assets/themes/blueroses/mdi/fonts/materialdesignicons-webfont3683.svg]
[sidoinikah.xyz/assets/themes/redroses/fonts/glyphicons-halflings-regular.html]
[sidoinikah.xyz/assets/themes/redroses/fonts/glyphicons-halflings-regulard41d.html]
[sidoinikah.xyz/assets/themes/redroses/fonts/glyphicons-halflings-regular-2.html]
[sidoinikah.xyz/assets/themes/redroses/fonts/glyphicons-halflings-regular-3.html]
[sidoinikah.xyz/assets/themes/redroses/fonts/glyphicons-halflings-regular-4.html]
[sidoinikah.xyz/assets/themes/redroses/fonts/glyphicons-halflings-regular-5.html]
[sidoinikah.xyz/assets/themes/redroses/images/fancybox/fancybox_sprite.html]
[sidoinikah.xyz/assets/themes/redroses/images/fancybox/fancybox_loading.html]
[sidoinikah.xyz/assets/themes/redroses/images/fancybox/blank.html]
[sidoinikah.xyz/assets/themes/redroses/images/fancybox/fancybox_overlay.html]
[sidoinikah.xyz/assets/themes/redroses/images/fancybox/fancybox_sprite@2x.html]
[sidoinikah.xyz/assets/themes/redroses/images/fancybox/fancybox_loading@2x.html]
[sidoinikah.xyz/assets/themes/redroses/mdi/fonts/materialdesignicons-webfont3683.svg]
[sidoinikah.xyz/assets/themes/radiantyellow/fonts/glyphicons-halflings-regular.html]
[sidoinikah.xyz/assets/themes/radiantyellow/fonts/glyphicons-halflings-regulard41d.html]
[sidoinikah.xyz/assets/themes/radiantyellow/fonts/glyphicons-halflings-regular-2.html]
[sidoinikah.xyz/assets/themes/radiantyellow/fonts/glyphicons-halflings-regular-3.html]
[sidoinikah.xyz/assets/themes/radiantyellow/fonts/glyphicons-halflings-regular-4.html]
[sidoinikah.xyz/assets/themes/radiantyellow/fonts/glyphicons-halflings-regular-5.html]
[sidoinikah.xyz/assets/themes/radiantyellow/images/fancybox/fancybox_sprite.html]
[sidoinikah.xyz/assets/themes/radiantyellow/images/fancybox/fancybox_loading.html]
[sidoinikah.xyz/assets/themes/radiantyellow/images/fancybox/blank.html]
[sidoinikah.xyz/assets/themes/radiantyellow/images/fancybox/fancybox_overlay.html]
[sidoinikah.xyz/assets/themes/radiantyellow/images/fancybox/fancybox_sprite@2x.html]
[sidoinikah.xyz/assets/themes/radiantyellow/images/fancybox/fancybox_loading@2x.html]
[sidoinikah.xyz/assets/themes/radiantyellow/mdi/fonts/materialdesignicons-webfont3683.svg]
[sidoinikah.xyz/assets/themes/radiantdark/fonts/glyphicons-halflings-regular.html]
[sidoinikah.xyz/assets/themes/radiantdark/fonts/glyphicons-halflings-regulard41d.html]
[sidoinikah.xyz/assets/themes/radiantdark/fonts/glyphicons-halflings-regular-2.html]
[sidoinikah.xyz/assets/themes/radiantdark/fonts/glyphicons-halflings-regular-3.html]
[sidoinikah.xyz/assets/themes/radiantdark/fonts/glyphicons-halflings-regular-4.html]
[sidoinikah.xyz/assets/themes/radiantdark/fonts/glyphicons-halflings-regular-5.html]
[sidoinikah.xyz/assets/themes/radiantdark/images/fancybox/fancybox_sprite.html]
[sidoinikah.xyz/assets/themes/radiantdark/images/fancybox/fancybox_loading.html]
[sidoinikah.xyz/assets/themes/radiantdark/images/fancybox/blank.html]
[sidoinikah.xyz/assets/themes/radiantdark/images/fancybox/fancybox_overlay.html]
[sidoinikah.xyz/assets/themes/radiantdark/images/fancybox/fancybox_sprite@2x.html]
[sidoinikah.xyz/assets/themes/radiantdark/images/fancybox/fancybox_loading@2x.html]
[sidoinikah.xyz/assets/themes/radiantdark/mdi/fonts/materialdesignicons-webfont3683.svg]
